---
source: tests/parser.rs
expression: result
input_file: tests/fixtures/libosmium/examples_t_location_cache_data.osm.pbf
---
[
    Skip,
    Skip,
    Skip,
    Skip,
]
