---
source: tests/parser.rs
expression: result
input_file: tests/fixtures/libosmium/examples_t_debug_changesets.osm.pbf
---
[]
