---
source: tests/parser.rs
expression: result
input_file: tests/fixtures/libosmium/examples_t_filter_discussions_changesets-gen.osm.pbf
---
[]
