---
source: tests/parser.rs
expression: result
input_file: tests/fixtures/libosmium/t_io_data.osm.pbf
---
[
    Skip,
]
